
=== Environment =========================================================
  GPU:   NVIDIA A100-SXM4-80GB
  VRAM:  85.1 GB
  batch: 32
  gradient checkpointing: off  (auto: on below 48GB)
  output: /workspace/results_exp1_slice
  mode:   full | epochs=5 | mask_ratio=0.3

=== Assets ==============================================================
  model:   facebook/ijepa_vith14_1k
  dataset: clane9/imagenet-100
  (cached under ~/.cache/huggingface — re-runs do not re-download)
  loaded:  631M params, 32 layers x 16 heads, patch 14
Using a slow image processor as `use_fast` is unset and a slow processor was saved with this model. `use_fast=True` will be the default behavior in v4.52, even if the model was saved with a slow processor. This will result in minor differences in outputs. You'll still be able to use a slow processor with `use_fast=False`.

Downloading data:   6%|▌         | 1/17 [00:03<00:50,  3.16s/files]
Downloading data:  12%|█▏        | 2/17 [00:05<00:44,  2.98s/files]
Downloading data:  18%|█▊        | 3/17 [00:09<00:42,  3.04s/files]
Downloading data:  24%|██▎       | 4/17 [00:14<00:45,  3.53s/files]
Downloading data:  29%|██▉       | 5/17 [00:17<00:42,  3.54s/files]
Downloading data:  35%|███▌      | 6/17 [00:23<00:42,  3.86s/files]
Downloading data:  41%|████      | 7/17 [00:26<00:38,  3.84s/files]
Downloading data:  47%|████▋     | 8/17 [00:29<00:33,  3.72s/files]
Downloading data:  53%|█████▎    | 9/17 [00:32<00:28,  3.61s/files]
Downloading data:  59%|█████▉    | 10/17 [00:36<00:25,  3.66s/files]
Downloading data:  65%|██████▍   | 11/17 [00:40<00:22,  3.69s/files]
Downloading data:  71%|███████   | 12/17 [00:43<00:18,  3.60s/files]
Downloading data:  76%|███████▋  | 13/17 [00:45<00:14,  3.54s/files]
Downloading data:  82%|████████▏ | 14/17 [00:50<00:10,  3.62s/files]
Downloading data:  88%|████████▊ | 15/17 [00:54<00:07,  3.66s/files]
Downloading data:  94%|█████████▍| 16/17 [00:58<00:03,  3.68s/files]
Downloading data: 100%|██████████| 17/17 [01:01<00:00,  3.64s/files]
Downloading data: 100%|██████████| 17/17 [01:01<00:00,  3.64s/files]


  dataset: 126689 train / 5000 val available



  classes: 100

=== Pre-SAL structural scan =============================================
  FI=0.0056 | 1 immune, 9 buffer, 22 critical
  absorption: 10 elastic, 21 saturated, 1 hub  |  mean routing=0.851, mean MI=0.041
  saved /workspace/results_exp1_slice/pre_sal_scan.json

=== SAL training (5 epochs, mask_ratio=0.3) =============================
  output space: 155561.9GB reported free, ~10.1GB needed
  space probe: OK

    epoch 1/5 | loss 0.657510 | masker: {'active': True, 'total_heads': 512, 'active_heads': 490, 'pruned_heads': 22, 'prune_events': 22, 'prune_fraction': 0.3}
    checkpoint -> /workspace/results_exp1_slice/checkpoint.pt (epoch 1, 2.5GB)

    epoch 2/5 | loss 0.641325 | masker: {'active': True, 'total_heads': 512, 'active_heads': 447, 'pruned_heads': 65, 'prune_events': 65, 'prune_fraction': 0.3}
    checkpoint -> /workspace/results_exp1_slice/checkpoint.pt (epoch 2, 2.5GB)

    epoch 3/5 | loss 0.651063 | masker: {'active': True, 'total_heads': 512, 'active_heads': 403, 'pruned_heads': 109, 'prune_events': 109, 'prune_fraction': 0.3}
    checkpoint -> /workspace/results_exp1_slice/checkpoint.pt (epoch 3, 2.5GB)

    epoch 4/5 | loss 0.691780 | masker: {'active': True, 'total_heads': 512, 'active_heads': 359, 'pruned_heads': 153, 'prune_events': 153, 'prune_fraction': 0.3}
    checkpoint -> /workspace/results_exp1_slice/checkpoint.pt (epoch 4, 2.5GB)

    epoch 5/5 | loss 0.688974 | masker: {'active': True, 'total_heads': 512, 'active_heads': 359, 'pruned_heads': 153, 'prune_events': 153, 'prune_fraction': 0.3}
    checkpoint -> /workspace/results_exp1_slice/checkpoint.pt (epoch 5, 2.5GB)

  losses: [0.65751, 0.641325, 0.651063, 0.69178, 0.688974]
  masker: {'active': True, 'total_heads': 512, 'active_heads': 359, 'pruned_heads': 153, 'prune_events': 153, 'prune_fraction': 0.3}

=== Post-SAL structural scan ============================================
  FI 0.0056 -> 0.0057 (+0.0001)
  FI=0.0057 | 2 immune, 8 buffer, 22 critical
  saved /workspace/results_exp1_slice/post_sal_scan.json

=== Compression benchmark ===============================================
  scoring original ...
  scoring sal-trained ...
  scoring sal+random-33% ...
  scoring sal+magnitude-33% ...
  scoring sal+random-uniform-33%-sliced ...
  scoring sal+magnitude-33%-sliced ...
  scoring sal+random-50% ...
  scoring sal+magnitude-50% ...
  scoring sal+random-uniform-50%-sliced ...
  scoring sal+magnitude-50%-sliced ...

=== Saving ==============================================================
  model -> /workspace/results_exp1_slice/model (config.json + model.safetensors)
    feature_maps_comparison.png
    compression_table.png
    fi_before_after.png
    latency_comparison.png
  metrics -> /workspace/results_exp1_slice/jepa_sal_benchmark.json

=== Summary =============================================================
┌────────────────────────────────┬────────┬───────────┬───────────┬───────────┬──────────┬──────────┐
│ Variant                        │ Params │ Lin.Probe │ kNN       │ CKA       │ GPU ms   │ CPU ms   │
├────────────────────────────────┼────────┼───────────┼───────────┼───────────┼──────────┼──────────┤
│ original                       │ 631M   │ 82.0%     │ 77.4%     │ 1.000     │ 29ms     │ 582ms    │
│ sal-trained                    │ 631M   │ 82.8%     │ 79.7%     │ 0.982     │ 29ms     │ 578ms    │
│ sal+random-33%                 │ 631M   │ 77.4%     │ 73.6%     │ 0.836     │ 32ms     │ 586ms    │
│ sal+magnitude-33%              │ 631M   │ 78.5%     │ 71.0%     │ 0.865     │ 31ms     │ 585ms    │
│ sal+random-uniform-33%-sliced  │ 565M   │ 76.4%     │ 70.5%     │ 0.839     │ 28ms     │ 524ms    │
│ sal+magnitude-33%-sliced       │ 565M   │ 78.5%     │ 71.0%     │ 0.865     │ 28ms     │ 518ms    │
│ sal+random-50%                 │ 631M   │ 63.5%     │ 48.2%     │ 0.658     │ 32ms     │ 591ms    │
│ sal+magnitude-50%              │ 631M   │ 65.1%     │ 45.6%     │ 0.661     │ 31ms     │ 576ms    │
│ sal+random-uniform-50%-sliced  │ 526M   │ 53.7%     │ 35.4%     │ 0.612     │ 26ms     │ 488ms    │
│ sal+magnitude-50%-sliced       │ 526M   │ 65.1%     │ 45.6%     │ 0.661     │ 26ms     │ 487ms    │
└────────────────────────────────┴────────┴───────────┴───────────┴───────────┴──────────┴──────────┘

FI: 0.0056 -> 0.0057 (+0.0001)
wall clock: 65.6 min

CKA is measured against each arm's own unpruned model.
This table compares head SELECTION (random vs magnitude) on one
SAL-trained model. It does NOT show whether SAL training helped —
for that, re-run with --control.
Everything is in /workspace/results_exp1_slice — scp that directory back.
